=== BLOCKER-1 go: drop the zero-width class from hasInvisibleNameRune
--- sabotaged (exit 1)
--- FAIL: TestValidateThemeBundles (0.00s)
    --- FAIL: TestValidateThemeBundles/rejects_a_name_carrying_control,_bidirectional_or_zero-width_characters (0.00s)
        theme_bundle_test.go:52: name "\ufeff辦公室" must be rejected, got <nil>
2026/07/27 18:59:58 [theme] custom_themes[0]: dropped 1 unrecognised wording code(s): "profile.themeOffice"
FAIL
FAIL	ocserverd	0.511s
FAIL
--- restored (exit 0)
ok  	ocserverd	0.319s
--- VERDICT: RED-then-GREEN

=== BLOCKER-1 ts: drop the zero-width class from hasInvisibleNameRune
--- sabotaged (exit 1)
RUN  v2.1.9 /Users/eva/Desktop/gofreight/OffiCraft-wt-T081b/frontend

 ❯ src/lib/themeBundle.test.ts (43 tests | 1 failed) 9ms
   × validateThemeBundle > rejects a name carrying control, bidirectional or zero-width characters 2ms
     → .toMatch() expects to receive a string, but got object

 Test Files  1 failed (1)
      Tests  1 failed | 42 passed (43)
   Start at  18:59:59
   Duration  398ms (transform 40ms, setup 11ms, collect 33ms, tests 9ms, environment 190ms, prepare 32ms)

⎯⎯⎯⎯⎯⎯⎯ Failed Tests 1 ⎯⎯⎯⎯⎯⎯⎯

 FAIL  src/lib/themeBundle.test.ts > validateThemeBundle > rejects a name carrying control, bidirectional or zero-width characters
TypeError: .toMatch() expects to receive a string, but got object
 ❯ src/lib/themeBundle.test.ts:126:9
    124|         validateThemeBundle({ ...ok, name }),
    125|         JSON.stringify(name)
    126|       ).toMatch(/control, bidirectional or zero-width/);
       |         ^
    127|     }
    128|   });

⎯⎯⎯⎯⎯⎯⎯⎯⎯⎯⎯⎯⎯⎯⎯⎯⎯⎯⎯⎯⎯⎯⎯⎯[1/1]⎯
--- restored (exit 0)
 ✓ src/lib/themeBundle.test.ts (43 tests) 6ms

 Test Files  1 passed (1)
      Tests  43 passed (43)
   Start at  19:00:00
   Duration  383ms (transform 40ms, setup 11ms, collect 34ms, tests 6ms, environment 163ms, prepare 37ms)
--- VERDICT: RED-then-GREEN

=== BLOCKER-2: put the built-in marker back in the option TEXT
--- sabotaged (exit 1)

Expected: "辦公室"
Received: "辦公室(內建)"

 ❯ src/components/ProfileDropdown.settings.test.tsx:80:33
     78|       (o) => o.value === "office"
     79|     )!;
     80|     expect(builtin.textContent).toBe(zh.themeIdentity.office);
       |                                 ^
     81|     expect(groupOf(builtin)).toBe(zh.themeMarkers.builtinGroup);
     82|     expect(custom.textContent).toBe("午夜藍");

⎯⎯⎯⎯⎯⎯⎯⎯⎯⎯⎯⎯⎯⎯⎯⎯⎯⎯⎯⎯⎯⎯⎯⎯[1/2]⎯

 FAIL  src/components/ProfileDropdown.settings.test.tsx > ProfileDropdown · preferences scope > cannot be made to show two identical built-in rows by a theme's NAME
AssertionError: expected '辦公室(內建)' not to be '辦公室(內建)' // Object.is equality
 ❯ src/components/ProfileDropdown.settings.test.tsx:116:37
    114|     // The spoof keeps its own name (it is legal), but it is NOT the b…
    115|     expect(forged.textContent).toBe(spoof);
    116|     expect(builtin.textContent).not.toBe(forged.textContent);
       |                                     ^
    117|     // …and the thing that says which is which is the group, not the t…
    118|     expect((builtin.parentElement as HTMLOptGroupElement).label).toBe(

⎯⎯⎯⎯⎯⎯⎯⎯⎯⎯⎯⎯⎯⎯⎯⎯⎯⎯⎯⎯⎯⎯⎯⎯[2/2]⎯
--- restored (exit 0)
});
/* assert on the output */

This ensures that you're testing the behavior the user would see in the browser. Learn more at https://reactjs.org/link/wrap-tests-with-act
    at ProfileDropdown (/Users/eva/Desktop/gofreight/OffiCraft-wt-T081b/frontend/src/components/ProfileDropdown.tsx:18:3)
    at I18nProvider (/Users/eva/Desktop/gofreight/OffiCraft-wt-T081b/frontend/src/i18n/index.tsx:58:25)
--- VERDICT: RED-then-GREEN

=== SHOULD-3 A: stop checking the badge's text colour
--- sabotaged (exit 1)
   Start at  19:00:03
   Duration  952ms (transform 19ms, setup 11ms, collect 8ms, tests 585ms, environment 187ms, prepare 27ms)

⎯⎯⎯⎯⎯⎯⎯ Failed Tests 1 ⎯⎯⎯⎯⎯⎯⎯

 FAIL  scripts/check-token-roles.test.ts > check-token-roles > fails when a badge's text colour stops using the measured token
AssertionError: [token-roles] ok — 3 split tokens keep to one role each; 7 carved-out tokens defined independently and in use; BUILT-IN theme's unread badge 4.52:1 vs --color-on-danger / 3.76:1 vs --color-bg (its 1px ring), both pinned at the 3 pill call sites. A theme pack may re-value --color-danger-badge, so these numbers describe the built-in theme only.
: expected '[token-roles] ok — 3 split tokens kee…' to match /\.nav-tab__badge's color does not use…/

- Expected: 
/\.nav-tab__badge's color does not use --color-on-danger/

+ Received: 
"[token-roles] ok — 3 split tokens keep to one role each; 7 carved-out tokens defined independently and in use; BUILT-IN theme's unread badge 4.52:1 vs --color-on-danger / 3.76:1 vs --color-bg (its 1px ring), both pinned at the 3 pill call sites. A theme pack may re-value --color-danger-badge, so these numbers describe the built-in theme only.
"

 ❯ scripts/check-token-roles.test.ts:80:22
     78|       )
     79|     );
     80|     expect(out, out).toMatch(/\.nav-tab__badge's color does not use --…
       |                      ^
     81|     expect(code).toBe(1);
     82|   });

⎯⎯⎯⎯⎯⎯⎯⎯⎯⎯⎯⎯⎯⎯⎯⎯⎯⎯⎯⎯⎯⎯⎯⎯[1/1]⎯
--- restored (exit 0)
 ✓ scripts/check-token-roles.test.ts (6 tests) 634ms

 Test Files  1 passed (1)
      Tests  6 passed (6)
   Start at  19:00:04
   Duration  1.02s (transform 30ms, setup 12ms, collect 8ms, tests 634ms, environment 175ms, prepare 53ms)
--- VERDICT: RED-then-GREEN

=== SHOULD-3 B: read only the first declarations per badge selector
--- sabotaged (exit 1)
      .nav-tab__badge has no outline declaration — without the page-colour ring the pill is measured against the wrong background (--color-indigo on an active tab is 2.74:1).
  styles/theme.css:0  .office__tab-badge { background: (missing)
      .office__tab-badge has no background declaration — white on --color-danger is 2.85:1 and fails WCAG AA.
  styles/theme.css:0  .office__tab-badge { color: (missing)
      .office__tab-badge has no color declaration — the pill's own count colour is what the AA ratio is measured on.
  styles/theme.css:0  .office__tab-badge { outline: (missing)
      .office__tab-badge has no outline declaration — without the page-colour ring the pill is measured against the wrong background (--color-indigo on an active tab is 2.74:1).
  styles/theme.css:0  .member-card__unread { background: (missing)
      .member-card__unread has no background declaration — white on --color-danger is 2.85:1 and fails WCAG AA.
  styles/theme.css:0  .member-card__unread { color: (missing)
      .member-card__unread has no color declaration — the pill's own count colour is what the AA ratio is measured on.
  styles/theme.css:0  .member-card__unread { outline: (missing)
      .member-card__unread has no outline declaration — without the page-colour ring the pill is measured against the wrong background (--color-indigo on an active tab is 2.74:1).

"

 ❯ scripts/check-token-roles.test.ts:89:22
     87|       edit(CHROME, (css) => `${css}\n.nav-tab__badge { background: var…
     88|     );
     89|     expect(out, out).toMatch(
       |                      ^
     90|       /\.nav-tab__badge's background does not use --color-danger-badge/
     91|     );

⎯⎯⎯⎯⎯⎯⎯⎯⎯⎯⎯⎯⎯⎯⎯⎯⎯⎯⎯⎯⎯⎯⎯⎯[2/2]⎯
--- restored (exit 0)
 ✓ scripts/check-token-roles.test.ts (6 tests) 593ms

 Test Files  1 passed (1)
      Tests  6 passed (6)
   Start at  19:00:06
   Duration  980ms (transform 19ms, setup 11ms, collect 7ms, tests 593ms, environment 190ms, prepare 32ms)
--- VERDICT: RED-then-GREEN

=== SHOULD-3 C: measure the contrast on whole-tree defs instead of theme :root
--- sabotaged (exit 1)
   Start at  19:00:08
   Duration  958ms (transform 18ms, setup 12ms, collect 8ms, tests 594ms, environment 186ms, prepare 26ms)

⎯⎯⎯⎯⎯⎯⎯ Failed Tests 1 ⎯⎯⎯⎯⎯⎯⎯

 FAIL  scripts/check-token-roles.test.ts > check-token-roles > fails when the badge fill drops below AA in :root, however it is patched elsewhere
AssertionError: [token-roles] ok — 3 split tokens keep to one role each; 7 carved-out tokens defined independently and in use; BUILT-IN theme's unread badge 4.52:1 vs --color-on-danger / 3.76:1 vs --color-bg (its 1px ring), both pinned at the 3 pill call sites. A theme pack may re-value --color-danger-badge, so these numbers describe the built-in theme only.
: expected '[token-roles] ok — 3 split tokens kee…' to match /--color-danger-badge vs --color-on-da…/

- Expected: 
/--color-danger-badge vs --color-on-danger is 2\.85:1/

+ Received: 
"[token-roles] ok — 3 split tokens keep to one role each; 7 carved-out tokens defined independently and in use; BUILT-IN theme's unread badge 4.52:1 vs --color-on-danger / 3.76:1 vs --color-bg (its 1px ring), both pinned at the 3 pill call sites. A theme pack may re-value --color-danger-badge, so these numbers describe the built-in theme only.
"

 ❯ scripts/check-token-roles.test.ts:102:22
    100|       )
    101|     );
    102|     expect(out, out).toMatch(/--color-danger-badge vs --color-on-dange…
       |                      ^
    103|     expect(code).toBe(1);
    104|   });

⎯⎯⎯⎯⎯⎯⎯⎯⎯⎯⎯⎯⎯⎯⎯⎯⎯⎯⎯⎯⎯⎯⎯⎯[1/1]⎯
--- restored (exit 0)
 ✓ scripts/check-token-roles.test.ts (6 tests) 585ms

 Test Files  1 passed (1)
      Tests  6 passed (6)
   Start at  19:00:09
   Duration  942ms (transform 19ms, setup 12ms, collect 7ms, tests 585ms, environment 186ms, prepare 26ms)
--- VERDICT: RED-then-GREEN

=== SHOULD-4: remove the badge's 1px page-colour ring
--- sabotaged (exit 1)
: expected '\n[token-roles] 1 violation(s) — a T-…' to contain '[token-roles] ok'

- Expected
+ Received

- [token-roles] ok
+
+ [token-roles] 1 violation(s) — a T-081b token split has been undone.
+ These re-merges look FINE in the built-in dark theme and break only on light themes,
+ which is why they are pinned here rather than left to review:
+
+   styles/theme.css:0  .nav-tab__badge { outline: (missing)
+       .nav-tab__badge has no outline declaration — without the page-colour ring the pill is measured against the wrong background (--color-indigo on an active tab is 2.74:1).
+
+

 ❯ scripts/check-token-roles.test.ts:63:22
     61|   it("passes on the tree as shipped", () => {
     62|     const { code, out } = run();
     63|     expect(out, out).toContain("[token-roles] ok");
       |                      ^
     64|     expect(code).toBe(0);
     65|     // The line must say WHICH background each ratio was measured agai…

⎯⎯⎯⎯⎯⎯⎯⎯⎯⎯⎯⎯⎯⎯⎯⎯⎯⎯⎯⎯⎯⎯⎯⎯[1/1]⎯
--- restored (exit 0)
 ✓ scripts/check-token-roles.test.ts (6 tests) 579ms

 Test Files  1 passed (1)
      Tests  6 passed (6)
   Start at  19:00:11
   Duration  932ms (transform 20ms, setup 12ms, collect 7ms, tests 579ms, environment 184ms, prepare 29ms)
--- VERDICT: RED-then-GREEN

=== SHOULD-5: let the themeMarkers subtree back into the overridable whitelist
--- sabotaged (exit 1)

⎯⎯⎯⎯⎯⎯⎯⎯⎯⎯⎯⎯⎯⎯⎯⎯⎯⎯⎯⎯⎯⎯⎯⎯[1/2]⎯

 FAIL  src/lib/themeBundle.test.ts > validateWording > drops an override of the theme structural markers
AssertionError: expected [ 'settings.themeCopyTag' ] to deeply equal [ 'settings.themeCopyTag', …(3) ]

- Expected
+ Received

  Array [
    "settings.themeCopyTag",
-   "themeMarkers.builtinGroup",
-   "themeMarkers.copyTag",
-   "themeMarkers.customGroup",
  ]

 ❯ src/lib/themeBundle.test.ts:531:28
    529|     const skipped: string[] = [];
    530|     expect(validateWording(wording, "theme", skipped)).toBeNull();
    531|     expect(skipped.sort()).toEqual([
       |                            ^
    532|       "settings.themeCopyTag",
    533|       "themeMarkers.builtinGroup",

⎯⎯⎯⎯⎯⎯⎯⎯⎯⎯⎯⎯⎯⎯⎯⎯⎯⎯⎯⎯⎯⎯⎯⎯[2/2]⎯
--- restored (exit 0)
 ✓ src/i18n/messageKeys.theme-identity.test.ts (5 tests) 1ms

 Test Files  2 passed (2)
      Tests  48 passed (48)
   Start at  19:00:14
   Duration  422ms (transform 68ms, setup 21ms, collect 82ms, tests 8ms, environment 421ms, prepare 54ms)
--- VERDICT: RED-then-GREEN

=== SHOULD-6 go: fold with strings.ToLower(strings.TrimSpace(...)) again
--- sabotaged (exit 1)
--- FAIL: TestValidateThemeBundles (0.00s)
    --- FAIL: TestValidateThemeBundles/accepts_every_legitimate_name_shape,_including_the_new-theme_default (0.00s)
        theme_bundle_test.go:95: name "OFFİCE" must be accepted, got custom_themes[0]: name "OFFİCE" is reserved for a built-in theme
2026/07/27 19:00:16 [theme] custom_themes[0]: dropped 1 unrecognised wording code(s): "profile.themeOffice"
FAIL
FAIL	ocserverd	0.521s
FAIL
--- restored (exit 0)
ok  	ocserverd	0.324s
--- VERDICT: RED-then-GREEN

=== SHOULD-6 ts: fold with .trim().toLowerCase() again
--- sabotaged (exit 1)
 ❯ src/lib/themeBundle.test.ts:169:58
    167|       "辦公室\u3000",
    168|     ]) {
    169|       expect(validateThemeBundle({ ...ok, name }), name).toBeNull();
       |                                                          ^
    170|     }
    171|   });

⎯⎯⎯⎯⎯⎯⎯⎯⎯⎯⎯⎯⎯⎯⎯⎯⎯⎯⎯⎯⎯⎯⎯⎯[1/2]⎯

 FAIL  src/lib/themeBundle.test.ts > normalizeThemeName > trims ASCII whitespace only and folds A–Z only
AssertionError: "OFFİCE": expected 'offi̇ce' to be 'offİce' // Object.is equality

Expected: "offİce"
Received: "offi̇ce"

 ❯ src/lib/themeBundle.test.ts:604:64
    602|       ["\u00A0Office", "\u00A0office"],
    603|     ] as const) {
    604|       expect(normalizeThemeName(input), JSON.stringify(input)).toBe(wa…
       |                                                                ^
    605|     }
    606|   });

⎯⎯⎯⎯⎯⎯⎯⎯⎯⎯⎯⎯⎯⎯⎯⎯⎯⎯⎯⎯⎯⎯⎯⎯[2/2]⎯
--- restored (exit 0)
 ✓ src/lib/themeBundle.test.ts (43 tests) 7ms

 Test Files  1 passed (1)
      Tests  43 passed (43)
   Start at  19:00:17
   Duration  387ms (transform 45ms, setup 12ms, collect 34ms, tests 7ms, environment 181ms, prepare 30ms)
--- VERDICT: RED-then-GREEN

=== NIT-9: stop requiring the badge tokens to be defined in theme.css :root
--- sabotaged (exit 1)
- Expected: 
/--color-danger-badge is not defined in the :root block of styles\/theme\.css/

+ Received: 
"
[token-roles] 2 violation(s) — a T-081b token split has been undone.
These re-merges look FINE in the built-in dark theme and break only on light themes,
which is why they are pinned here rather than left to review:

  styles/theme.css:0  --color-danger-badge: (missing)
      --color-danger-badge vs --color-on-danger cannot be measured — both must resolve to a plain #rgb/#rrggbb in the :root block of styles/theme.css for the contrast floor to mean anything.
  styles/theme.css:0  --color-danger-badge: (missing)
      --color-danger-badge vs --color-bg cannot be measured — both must resolve to a plain #rgb/#rrggbb in the :root block of styles/theme.css for the contrast floor to mean anything.

"

 ❯ scripts/check-token-roles.test.ts:121:22
    119|       edit(CHROME, (css) => `${css}\n:root {\n  --color-danger-badge: …
    120|     });
    121|     expect(out, out).toMatch(
       |                      ^
    122|       /--color-danger-badge is not defined in the :root block of style…
    123|     );

⎯⎯⎯⎯⎯⎯⎯⎯⎯⎯⎯⎯⎯⎯⎯⎯⎯⎯⎯⎯⎯⎯⎯⎯[1/1]⎯
--- restored (exit 0)
 ✓ scripts/check-token-roles.test.ts (6 tests) 592ms

 Test Files  1 passed (1)
      Tests  6 passed (6)
   Start at  19:00:19
   Duration  937ms (transform 18ms, setup 11ms, collect 7ms, tests 592ms, environment 173ms, prepare 29ms)
--- VERDICT: RED-then-GREEN
